// Jest Snapshot v1, https://goo.gl/fbAQLP

exports[`reducer component should match the snapshot 1`] = `undefined`;
